   ,     #_
   ~\_  ####_        Amazon Linux 2023
  ~~  \_#####\
  ~~     \###|
  ~~       \#/ ___   https://aws.amazon.com/linux/amazon-linux-2023
   ~~       V~' '->
    ~~~         /
      ~~._.   _/
         _/ _/
       _/m/'
[ec2-user@ip-10-2-11-129 ~]$ sudo -i
[root@ip-10-2-11-129 ~]# sudo wget https://dev.mysql.com/get/mysql80-community-release-el9-1.noarch.rpm 
--2024-07-29 06:26:08--  https://dev.mysql.com/get/mysql80-community-release-el9-1.noarch.rpm
Resolving dev.mysql.com (dev.mysql.com)... 23.61.106.232, 2600:141f:4000:48a::2e31, 2600:141f:4000:494::2e31
Connecting to dev.mysql.com (dev.mysql.com)|23.61.106.232|:443... connected.
HTTP request sent, awaiting response... 302 Moved Temporarily
Location: https://repo.mysql.com//mysql80-community-release-el9-1.noarch.rpm [following]
--2024-07-29 06:26:08--  https://repo.mysql.com//mysql80-community-release-el9-1.noarch.rpm
Resolving repo.mysql.com (repo.mysql.com)... 23.43.218.19, 2600:1407:3c00:680::1d68, 2600:1407:3c00:692::1d68
Connecting to repo.mysql.com (repo.mysql.com)|23.43.218.19|:443... connected.
HTTP request sent, awaiting response... 200 OK
Length: 10534 (10K) [application/x-redhat-package-manager]
Saving to: ‘mysql80-community-release-el9-1.noarch.rpm’

mysql80-community-release-el9-1.noarch.rpm          100%[==================================================================================================================>]  10.29K  --.-KB/s    in 0s      

2024-07-29 06:26:08 (148 MB/s) - ‘mysql80-community-release-el9-1.noarch.rpm’ saved [10534/10534]

[root@ip-10-2-11-129 ~]# sudo dnf install mysql80-community-release-el9-1.noarch.rpm -y
Last metadata expiration check: 0:01:25 ago on Mon Jul 29 06:24:49 2024.
Dependencies resolved.
===============================================================================================================================================================================================================
 Package                                                        Architecture                                Version                                    Repository                                         Size
===============================================================================================================================================================================================================
Installing:
 mysql80-community-release                                      noarch                                      el9-1                                      @commandline                                       10 k

Transaction Summary
===============================================================================================================================================================================================================
Install  1 Package

Total size: 10 k
Installed size: 5.7 k
Downloading Packages:
Running transaction check
Transaction check succeeded.
Running transaction test
Transaction test succeeded.
Running transaction
  Preparing        :                                                                                                                                                                                       1/1 
  Installing       : mysql80-community-release-el9-1.noarch                                                                                                                                                1/1 
  Verifying        : mysql80-community-release-el9-1.noarch                                                                                                                                                1/1 

Installed:
  mysql80-community-release-el9-1.noarch                                                                                                                                                                       

Complete!
[root@ip-10-2-11-129 ~]# sudo rpm --import https://repo.mysql.com/RPM-GPG-KEY-mysql-2023
[root@ip-10-2-11-129 ~]# sudo dnf install mysql-community-client -y
MySQL 8.0 Community Server                                                                                                                                                      13 MB/s | 1.9 MB     00:00    
MySQL Connectors Community                                                                                                                                                     1.1 MB/s |  61 kB     00:00    
MySQL Tools Community                                                                                                                                                          6.0 MB/s | 721 kB     00:00    
Dependencies resolved.
===============================================================================================================================================================================================================
 Package                                                        Architecture                           Version                                         Repository                                         Size
===============================================================================================================================================================================================================
Installing:
 mysql-community-client                                         x86_64                                 8.0.39-1.el9                                    mysql80-community                                 3.4 M
Installing dependencies:
 mysql-community-client-plugins                                 x86_64                                 8.0.39-1.el9                                    mysql80-community                                 1.4 M
 mysql-community-common                                         x86_64                                 8.0.39-1.el9                                    mysql80-community                                 556 k
 mysql-community-libs                                           x86_64                                 8.0.39-1.el9                                    mysql80-community                                 1.5 M

Transaction Summary
===============================================================================================================================================================================================================
Install  4 Packages

Total download size: 6.8 M
Installed size: 95 M
Downloading Packages:
(1/4): mysql-community-common-8.0.39-1.el9.x86_64.rpm                                                                                                                          6.3 MB/s | 556 kB     00:00    
(2/4): mysql-community-client-plugins-8.0.39-1.el9.x86_64.rpm                                                                                                                   13 MB/s | 1.4 MB     00:00    
(3/4): mysql-community-libs-8.0.39-1.el9.x86_64.rpm                                                                                                                             33 MB/s | 1.5 MB     00:00    
(4/4): mysql-community-client-8.0.39-1.el9.x86_64.rpm                                                                                                                           21 MB/s | 3.4 MB     00:00    
---------------------------------------------------------------------------------------------------------------------------------------------------------------------------------------------------------------
Total                                                                                                                                                                           40 MB/s | 6.8 MB     00:00     
Running transaction check
Transaction check succeeded.
Running transaction test
Transaction test succeeded.
Running transaction
  Preparing        :                                                                                                                                                                                       1/1 
  Installing       : mysql-community-client-plugins-8.0.39-1.el9.x86_64                                                                                                                                    1/4 
  Installing       : mysql-community-common-8.0.39-1.el9.x86_64                                                                                                                                            2/4 
  Installing       : mysql-community-libs-8.0.39-1.el9.x86_64                                                                                                                                              3/4 
  Running scriptlet: mysql-community-libs-8.0.39-1.el9.x86_64                                                                                                                                              3/4 
  Installing       : mysql-community-client-8.0.39-1.el9.x86_64                                                                                                                                            4/4 
  Running scriptlet: mysql-community-client-8.0.39-1.el9.x86_64                                                                                                                                            4/4 
  Verifying        : mysql-community-client-8.0.39-1.el9.x86_64                                                                                                                                            1/4 
  Verifying        : mysql-community-client-plugins-8.0.39-1.el9.x86_64                                                                                                                                    2/4 
  Verifying        : mysql-community-common-8.0.39-1.el9.x86_64                                                                                                                                            3/4 
  Verifying        : mysql-community-libs-8.0.39-1.el9.x86_64                                                                                                                                              4/4 

Installed:
  mysql-community-client-8.0.39-1.el9.x86_64        mysql-community-client-plugins-8.0.39-1.el9.x86_64        mysql-community-common-8.0.39-1.el9.x86_64        mysql-community-libs-8.0.39-1.el9.x86_64       

Complete!
[root@ip-10-2-11-129 ~]# mysql -h udacity-readreplica.ctzg52q7j5qv.us-east-2.rds.amazonaws.com -u admin -p 
Enter password: 
Welcome to the MySQL monitor.  Commands end with ; or \g.
Your MySQL connection id is 32
Server version: 8.0.35 Source distribution

Copyright (c) 2000, 2024, Oracle and/or its affiliates.

Oracle is a registered trademark of Oracle Corporation and/or its
affiliates. Other names may be trademarks of their respective
owners.

Type 'help;' or '\h' for help. Type '\c' to clear the current input statement.

mysql> mysql
    -> ^C
mysql> show databases;
+--------------------+
| Database           |
+--------------------+
| information_schema |
| mysql              |
| performance_schema |
| sys                |
| udacity            |
+--------------------+
5 rows in set (0.00 sec)

mysql> use udacity;
Reading table information for completion of table and column names
You can turn off this feature to get a quicker startup with -A

Database changed
mysql> select * from Students;
+------+------+--------------+--------+------------+
| id   | name | address      | grades | phone      |
+------+------+--------------+--------+------------+
|    1 | quy  | 01 nguyen du | good   | 0377210224 |
+------+------+--------------+--------+------------+
1 row in set (0.00 sec)

mysql> INSERT INTO Students (id, name, address, grades, phone) VALUES (2, "tuong", "02 quang trung", "middle", "0775545135");
ERROR 1290 (HY000): The MySQL server is running with the --read-only option so it cannot execute this statement
mysql> 