   ,     #_
   ~\_  ####_        Amazon Linux 2023
  ~~  \_#####\
  ~~     \###|
  ~~       \#/ ___   https://aws.amazon.com/linux/amazon-linux-2023
   ~~       V~' '->
    ~~~         /
      ~~._.   _/
         _/ _/
       _/m/'
[ec2-user@ip-10-1-11-169 ~]$ sudo -i
[root@ip-10-1-11-169 ~]# mysql
-bash: mysql: command not found
[root@ip-10-1-11-169 ~]# 
[root@ip-10-1-11-169 ~]# 
[root@ip-10-1-11-169 ~]# yum install myql
Last metadata expiration check: 0:02:42 ago on Mon Jul 29 04:08:33 2024.
No match for argument: myql
Error: Unable to find a match: myql
[root@ip-10-1-11-169 ~]# yum search myql
Last metadata expiration check: 0:02:54 ago on Mon Jul 29 04:08:33 2024.
No matches found.
[root@ip-10-1-11-169 ~]# sudo dnf install mysql-community-client -y
Last metadata expiration check: 0:03:30 ago on Mon Jul 29 04:08:33 2024.
No match for argument: mysql-community-client
Error: Unable to find a match: mysql-community-client
[root@ip-10-1-11-169 ~]# sudo wget https://dev.mysql.com/get/mysql80-community-release-el9-1.noarch.rpm 
--2024-07-29 04:12:14--  https://dev.mysql.com/get/mysql80-community-release-el9-1.noarch.rpm
Resolving dev.mysql.com (dev.mysql.com)... 23.207.138.162, 2600:1408:ec00:984::2e31, 2600:1408:ec00:98e::2e31
Connecting to dev.mysql.com (dev.mysql.com)|23.207.138.162|:443... connected.
HTTP request sent, awaiting response... 302 Moved Temporarily
Location: https://repo.mysql.com//mysql80-community-release-el9-1.noarch.rpm [following]
--2024-07-29 04:12:15--  https://repo.mysql.com//mysql80-community-release-el9-1.noarch.rpm
Resolving repo.mysql.com (repo.mysql.com)... 23.33.204.253, 2600:1408:ec00:888::1d68, 2600:1408:ec00:88f::1d68
Connecting to repo.mysql.com (repo.mysql.com)|23.33.204.253|:443... connected.
HTTP request sent, awaiting response... 200 OK
Length: 10534 (10K) [application/x-redhat-package-manager]
Saving to: ‘mysql80-community-release-el9-1.noarch.rpm’

mysql80-community-release-el9-1.noarch.rpm          100%[================================================================================================================>]  10.29K  --.-KB/s    in 0s      

2024-07-29 04:12:15 (235 MB/s) - ‘mysql80-community-release-el9-1.noarch.rpm’ saved [10534/10534]

[root@ip-10-1-11-169 ~]# sudo dnf install mysql80-community-release-el9-1.noarch.rpm -y
Last metadata expiration check: 0:03:47 ago on Mon Jul 29 04:08:33 2024.
Dependencies resolved.
=============================================================================================================================================================================================================
 Package                                                       Architecture                               Version                                     Repository                                        Size
=============================================================================================================================================================================================================
Installing:
 mysql80-community-release                                     noarch                                     el9-1                                       @commandline                                      10 k

Transaction Summary
=============================================================================================================================================================================================================
Install  1 Package

Total size: 10 k
Installed size: 5.7 k
Downloading Packages:
Running transaction check
Transaction check succeeded.
Running transaction test
Transaction test succeeded.
Running transaction
  Preparing        :                                                                                                                                                                                     1/1 
  Installing       : mysql80-community-release-el9-1.noarch                                                                                                                                              1/1 
  Verifying        : mysql80-community-release-el9-1.noarch                                                                                                                                              1/1 

Installed:
  mysql80-community-release-el9-1.noarch                                                                                                                                                                     

Complete!
[root@ip-10-1-11-169 ~]# sudo rpm --import https://repo.mysql.com/RPM-GPG-KEY-mysql-2023
[root@ip-10-1-11-169 ~]# sudo dnf install mysql-community-client -y
MySQL 8.0 Community Server                                                                                                                                                    42 MB/s | 1.9 MB     00:00    
MySQL Connectors Community                                                                                                                                                   3.7 MB/s |  61 kB     00:00    
MySQL Tools Community                                                                                                                                                         25 MB/s | 721 kB     00:00    
Dependencies resolved.
=============================================================================================================================================================================================================
 Package                                                        Architecture                           Version                                       Repository                                         Size
=============================================================================================================================================================================================================
Installing:
 mysql-community-client                                         x86_64                                 8.0.39-1.el9                                  mysql80-community                                 3.4 M
Installing dependencies:
 mysql-community-client-plugins                                 x86_64                                 8.0.39-1.el9                                  mysql80-community                                 1.4 M
 mysql-community-common                                         x86_64                                 8.0.39-1.el9                                  mysql80-community                                 556 k
 mysql-community-libs                                           x86_64                                 8.0.39-1.el9                                  mysql80-community                                 1.5 M

Transaction Summary
=============================================================================================================================================================================================================
Install  4 Packages

Total download size: 6.8 M
Installed size: 95 M
Downloading Packages:
(1/4): mysql-community-common-8.0.39-1.el9.x86_64.rpm                                                                                                                         25 MB/s | 556 kB     00:00    
(2/4): mysql-community-client-plugins-8.0.39-1.el9.x86_64.rpm                                                                                                                 42 MB/s | 1.4 MB     00:00    
(3/4): mysql-community-libs-8.0.39-1.el9.x86_64.rpm                                                                                                                           65 MB/s | 1.5 MB     00:00    
(4/4): mysql-community-client-8.0.39-1.el9.x86_64.rpm                                                                                                                         26 MB/s | 3.4 MB     00:00    
-------------------------------------------------------------------------------------------------------------------------------------------------------------------------------------------------------------
Total                                                                                                                                                                         50 MB/s | 6.8 MB     00:00     
Running transaction check
Transaction check succeeded.
Running transaction test
Transaction test succeeded.
Running transaction
  Preparing        :                                                                                                                                                                                     1/1 
  Installing       : mysql-community-client-plugins-8.0.39-1.el9.x86_64                                                                                                                                  1/4 
  Installing       : mysql-community-common-8.0.39-1.el9.x86_64                                                                                                                                          2/4 
  Installing       : mysql-community-libs-8.0.39-1.el9.x86_64                                                                                                                                            3/4 
  Running scriptlet: mysql-community-libs-8.0.39-1.el9.x86_64                                                                                                                                            3/4 
  Installing       : mysql-community-client-8.0.39-1.el9.x86_64                                                                                                                                          4/4 
  Running scriptlet: mysql-community-client-8.0.39-1.el9.x86_64                                                                                                                                          4/4 
  Verifying        : mysql-community-client-8.0.39-1.el9.x86_64                                                                                                                                          1/4 
  Verifying        : mysql-community-client-plugins-8.0.39-1.el9.x86_64                                                                                                                                  2/4 
  Verifying        : mysql-community-common-8.0.39-1.el9.x86_64                                                                                                                                          3/4 
  Verifying        : mysql-community-libs-8.0.39-1.el9.x86_64                                                                                                                                            4/4 

Installed:
  mysql-community-client-8.0.39-1.el9.x86_64       mysql-community-client-plugins-8.0.39-1.el9.x86_64       mysql-community-common-8.0.39-1.el9.x86_64       mysql-community-libs-8.0.39-1.el9.x86_64      

Complete!
[root@ip-10-1-11-169 ~]# mysql
ERROR 2002 (HY000): Can't connect to local MySQL server through socket '/var/lib/mysql/mysql.sock' (2)
[root@ip-10-1-11-169 ~]# mysql -h udacity.c5woal5uhifj.us-east-1.rds.amazonaws.com -u admin -p
Enter password: 
Welcome to the MySQL monitor.  Commands end with ; or \g.
Your MySQL connection id is 9
Server version: 8.0.35 Source distribution

Copyright (c) 2000, 2024, Oracle and/or its affiliates.

Oracle is a registered trademark of Oracle Corporation and/or its
affiliates. Other names may be trademarks of their respective
owners.

Type 'help;' or '\h' for help. Type '\c' to clear the current input statement.

mysql> show databases;
+--------------------+
| Database           |
+--------------------+
| information_schema |
| mysql              |
| performance_schema |
| sys                |
+--------------------+
4 rows in set (0.00 sec)

mysql> create database udacity;
Query OK, 1 row affected (0.01 sec)

mysql> use udacity;
Database changed
mysql> CREATE TABLE Students(
    ->   id int,
    ->   name varchar(50),
    ->   address text,
    ->   grades  varchar(50),
    ->   phone varchar(10)
    -> );
Query OK, 0 rows affected (0.03 sec)

mysql> INSERT INTO Students (id, name, address, grades, phone) VALUES (1, "quy", "01 nguyen du", "good", "0377210224");
Query OK, 1 row affected (0.01 sec)

mysql> select * from Students
    -> ;
+------+------+--------------+--------+------------+
| id   | name | address      | grades | phone      |
+------+------+--------------+--------+------------+
|    1 | quy  | 01 nguyen du | good   | 0377210224 |
+------+------+--------------+--------+------------+
1 row in set (0.00 sec)
mysql> 
